<?xml version="1.0" encoding="UTF-8"?>
<TestRun id="c7a70284-cddc-4573-b35f-91d3f4d14384" name="Wangsong@WANGSONG-PC 2014-08-08 14:57:44" runUser="Wangsong-PC\Wangsong" xmlns="http://microsoft.com/schemas/VisualStudio/TeamTest/2010">
  <TestSettings name="本地" id="7de3f298-969e-4a47-a161-bd291051482f">
    <Description>这些设置为本地测试运行的默认测试设置。</Description>
    <Deployment enabled="false" runDeploymentRoot="Wangsong_WANGSONG-PC 2014-08-08 14_57_44">
      <DeploymentItem filename="C:\Users\Wangsong\Documents\GitHub\ifDataHouse\Tsk\Brilliantech.Tsk\Brilliantech.Framwork\bin\Debug\Brilliantech.Framwork.dll" />
      <DeploymentItem filename="C:\Users\Wangsong\Documents\GitHub\ifDataHouse\Tsk\Brilliantech.Tsk\Brilliantech.Tsk.Data.CL\bin\Debug\Brilliantech.Tsk.Data.CL.dll" />
      <DeploymentItem filename="C:\Users\Wangsong\Documents\GitHub\ifDataHouse\Tsk\Brilliantech.Tsk\Brilliantech.Tsk.Service.Wcf\bin\Debug\Brilliantech.Tsk.Service.Wcf.dll" />
      <DeploymentItem filename="C:\Users\Wangsong\Documents\GitHub\ifDataHouse\Tsk\ThridPart\log4net.dll" />
    </Deployment>
    <Execution>
      <TestTypeSpecific />
      <AgentRule name="Execution Agents">
      </AgentRule>
    </Execution>
  </TestSettings>
  <Times creation="2014-08-08T14:57:44.0410000+08:00" queuing="2014-08-08T14:57:44.0500000+08:00" start="2014-08-08T14:57:44.0630000+08:00" finish="2014-08-08T14:57:44.4770000+08:00" />
  <ResultSummary outcome="Failed">
    <Counters total="1" executed="1" error="0" failed="1" timeout="0" aborted="0" inconclusive="0" passedButRunAborted="0" notRunnable="0" notExecuted="0" disconnected="0" warning="0" passed="0" completed="0" inProgress="0" pending="0" />
    <RunInfos>
      <RunInfo computerName="WANGSONG-PC" outcome="Warning" timestamp="2014-08-08T14:57:44.0490000+08:00">
        <Text>当前已禁用部署。未部署测试“TestProject.InspectServiceTest.CreateInspectTest”中的部署项“Brilliantech.Tsk.Service.Wcf.dll”。</Text>
      </RunInfo>
    </RunInfos>
  </ResultSummary>
  <TestDefinitions>
    <UnitTest name="CreateInspectTest" storage="c:\users\wangsong\documents\github\ifdatahouse\tsk\brilliantech.tsk\testproject\bin\debug\testproject.dll" id="d69812a8-80f0-71f0-468c-5325bb07056a">
      <DeploymentItems>
        <DeploymentItem filename="Brilliantech.Tsk.Service.Wcf.dll" />
      </DeploymentItems>
      <Execution id="cf8b8bae-8f77-49e9-97ee-15a6085e145f" />
      <TestMethod codeBase="C:/Users/Wangsong/Documents/GitHub/ifDataHouse/Tsk/Brilliantech.Tsk/TestProject/bin/Debug/TestProject.DLL" adapterTypeName="Microsoft.VisualStudio.TestTools.TestTypes.Unit.UnitTestAdapter, Microsoft.VisualStudio.QualityTools.Tips.UnitTest.Adapter, Version=10.0.0.0, Culture=neutral, PublicKeyToken=b03f5f7f11d50a3a" className="TestProject.InspectServiceTest, TestProject, Version=1.0.0.0, Culture=neutral, PublicKeyToken=null" name="CreateInspectTest" />
    </UnitTest>
  </TestDefinitions>
  <TestLists>
    <TestList name="列表中未列出的结果" id="8c84fa94-04c1-424b-9868-57a2d4851a1d" />
    <TestList name="所有已加载的结果" id="19431567-8539-422a-85d7-44ee4e166bda" />
  </TestLists>
  <TestEntries>
    <TestEntry testId="d69812a8-80f0-71f0-468c-5325bb07056a" executionId="cf8b8bae-8f77-49e9-97ee-15a6085e145f" testListId="8c84fa94-04c1-424b-9868-57a2d4851a1d" />
  </TestEntries>
  <Results>
    <UnitTestResult executionId="cf8b8bae-8f77-49e9-97ee-15a6085e145f" testId="d69812a8-80f0-71f0-468c-5325bb07056a" testName="CreateInspectTest" computerName="WANGSONG-PC" duration="00:00:00.1535909" startTime="2014-08-08T14:57:44.1020000+08:00" endTime="2014-08-08T14:57:44.4110000+08:00" testType="13cdc9d9-ddb5-4fa4-a97d-d965ccfc6d4b" outcome="Failed" testListId="8c84fa94-04c1-424b-9868-57a2d4851a1d" relativeResultsDirectory="cf8b8bae-8f77-49e9-97ee-15a6085e145f">
      <Output>
        <StdOut>log4net: Configuration update mode [Merge].
log4net: Logger [root] Level string is [DUBEG].
log4net: Logger [root] level set to [name="DEBUG",value=30000].
log4net: Loading Appender [RollingLogFileAppender] type: [log4net.Appender.RollingFileAppender]
log4net: Setting Property [File] to String value [Brilliantech.Tsk.log]
log4net: Setting Property [AppendToFile] to Boolean value [True]
log4net: Setting Property [RollingStyle] to RollingMode value [Size]
log4net: Setting Property [MaxSizeRollBackups] to Int32 value [10]
log4net: Setting Property [MaximumFileSize] to String value [5MB]
log4net: Setting Property [StaticLogFileName] to Boolean value [True]
log4net: Converter [message] Option [] Format [min=-1,max=2147483647,leftAlign=False]
log4net: Converter [newline] Option [] Format [min=-1,max=2147483647,leftAlign=False]
log4net: Setting Property [ConversionPattern] to String value [[%date]  %thread -- %-5level -- %logger [%M] -- %message%newline]
log4net: Converter [literal] Option [[] Format [min=-1,max=2147483647,leftAlign=False]
log4net: Converter [date] Option [] Format [min=-1,max=2147483647,leftAlign=False]
log4net: Converter [literal] Option []  ] Format [min=-1,max=2147483647,leftAlign=False]
log4net: Converter [thread] Option [] Format [min=-1,max=2147483647,leftAlign=False]
log4net: Converter [literal] Option [ -- ] Format [min=-1,max=2147483647,leftAlign=False]
log4net: Converter [level] Option [] Format [min=5,max=2147483647,leftAlign=True]
log4net: Converter [literal] Option [ -- ] Format [min=-1,max=2147483647,leftAlign=False]
log4net: Converter [logger] Option [] Format [min=-1,max=2147483647,leftAlign=False]
log4net: Converter [literal] Option [ [] Format [min=-1,max=2147483647,leftAlign=False]
log4net: Converter [M] Option [] Format [min=-1,max=2147483647,leftAlign=False]
log4net: Converter [literal] Option [] -- ] Format [min=-1,max=2147483647,leftAlign=False]
log4net: Converter [message] Option [] Format [min=-1,max=2147483647,leftAlign=False]
log4net: Converter [newline] Option [] Format [min=-1,max=2147483647,leftAlign=False]
log4net: Setting Property [Layout] to object [log4net.Layout.PatternLayout]
log4net: Searched for existing files in [C:\Users\Wangsong\Documents\GitHub\ifDataHouse\Tsk\Brilliantech.Tsk\TestProject\bin\Debug]
log4net: curSizeRollBackups starts at [0]
log4net: Opening file for writing [C:\Users\Wangsong\Documents\GitHub\ifDataHouse\Tsk\Brilliantech.Tsk\TestProject\bin\Debug\Brilliantech.Tsk.log] append [True]
log4net: reated Appender [RollingLogFileAppender]
log4net: Adding appender named [RollingLogFileAppender] to logger [root].
log4net: Hierarchy Threshold []
log4net: configuring repository [log4net-default-repository] using .config file section
log4net: Application config file is [C:\Program Files\Microsoft Visual Studio 10.0\Common7\IDE\QTAgent32.exe.Config]</StdOut>
        <StdErr>log4net:ERROR You have tried to set a null level to root.
log4net.Core.LogException: 应用程序中的错误。
log4net:ERROR Failed to find configuration section 'log4net' in the application's .config file. Check your .config file for the &lt;log4net&gt; and &lt;configSections&gt; elements. The configuration section should look like: &lt;section name="log4net" type="log4net.Config.Log4NetConfigurationSectionHandler,log4net" /&gt;</StdErr>
        <DebugTrace>log4net: Configuration update mode [Merge].
log4net: Logger [root] Level string is [DUBEG].
log4net:ERROR You have tried to set a null level to root.
log4net.Core.LogException: 应用程序中的错误。
log4net: Logger [root] level set to [name="DEBUG",value=30000].
log4net: Loading Appender [RollingLogFileAppender] type: [log4net.Appender.RollingFileAppender]
log4net: Setting Property [File] to String value [Brilliantech.Tsk.log]
log4net: Setting Property [AppendToFile] to Boolean value [True]
log4net: Setting Property [RollingStyle] to RollingMode value [Size]
log4net: Setting Property [MaxSizeRollBackups] to Int32 value [10]
log4net: Setting Property [MaximumFileSize] to String value [5MB]
log4net: Setting Property [StaticLogFileName] to Boolean value [True]
log4net: Converter [message] Option [] Format [min=-1,max=2147483647,leftAlign=False]
log4net: Converter [newline] Option [] Format [min=-1,max=2147483647,leftAlign=False]
log4net: Setting Property [ConversionPattern] to String value [[%date]  %thread -- %-5level -- %logger [%M] -- %message%newline]
log4net: Converter [literal] Option [[] Format [min=-1,max=2147483647,leftAlign=False]
log4net: Converter [date] Option [] Format [min=-1,max=2147483647,leftAlign=False]
log4net: Converter [literal] Option []  ] Format [min=-1,max=2147483647,leftAlign=False]
log4net: Converter [thread] Option [] Format [min=-1,max=2147483647,leftAlign=False]
log4net: Converter [literal] Option [ -- ] Format [min=-1,max=2147483647,leftAlign=False]
log4net: Converter [level] Option [] Format [min=5,max=2147483647,leftAlign=True]
log4net: Converter [literal] Option [ -- ] Format [min=-1,max=2147483647,leftAlign=False]
log4net: Converter [logger] Option [] Format [min=-1,max=2147483647,leftAlign=False]
log4net: Converter [literal] Option [ [] Format [min=-1,max=2147483647,leftAlign=False]
log4net: Converter [M] Option [] Format [min=-1,max=2147483647,leftAlign=False]
log4net: Converter [literal] Option [] -- ] Format [min=-1,max=2147483647,leftAlign=False]
log4net: Converter [message] Option [] Format [min=-1,max=2147483647,leftAlign=False]
log4net: Converter [newline] Option [] Format [min=-1,max=2147483647,leftAlign=False]
log4net: Setting Property [Layout] to object [log4net.Layout.PatternLayout]
log4net: Searched for existing files in [C:\Users\Wangsong\Documents\GitHub\ifDataHouse\Tsk\Brilliantech.Tsk\TestProject\bin\Debug]
log4net: curSizeRollBackups starts at [0]
log4net: Opening file for writing [C:\Users\Wangsong\Documents\GitHub\ifDataHouse\Tsk\Brilliantech.Tsk\TestProject\bin\Debug\Brilliantech.Tsk.log] append [True]
log4net: reated Appender [RollingLogFileAppender]
log4net: Adding appender named [RollingLogFileAppender] to logger [root].
log4net: Hierarchy Threshold []
log4net: configuring repository [log4net-default-repository] using .config file section
log4net: Application config file is [C:\Program Files\Microsoft Visual Studio 10.0\Common7\IDE\QTAgent32.exe.Config]
log4net:ERROR Failed to find configuration section 'log4net' in the application's .config file. Check your .config file for the &lt;log4net&gt; and &lt;configSections&gt; elements. The configuration section should look like: &lt;section name="log4net" type="log4net.Config.Log4NetConfigurationSectionHandler,log4net" /&gt;
</DebugTrace>
        <ErrorInfo>
          <Message>测试方法 TestProject.InspectServiceTest.CreateInspectTest 引发了异常: 
System.TypeInitializationException: “Brilliantech.Tsk.Service.Wcf.Config.TskConfig”的类型初始值设定项引发异常。 ---&gt; System.InvalidOperationException: 序列不包含任何元素</Message>
          <StackTrace>    在 Brilliantech.Tsk.Service.Wcf.Config.TskConfig..cctor() 位置 C:\Users\Wangsong\Documents\GitHub\ifDataHouse\Tsk\Brilliantech.Tsk\Brilliantech.Tsk.Service.Wcf\Config\TskConfig.cs:行号 24
 --- 内部异常堆栈跟踪的末尾 ---
   在 Brilliantech.Tsk.Service.Wcf.InspectService_Accessor.CreateInspect(String text)
   在 TestProject.InspectServiceTest.CreateInspectTest() 位置 C:\Users\Wangsong\Documents\GitHub\ifDataHouse\Tsk\Brilliantech.Tsk\TestProject\InspectServiceTest.cs:行号 79
</StackTrace>
        </ErrorInfo>
      </Output>
    </UnitTestResult>
  </Results>
</TestRun>