<?xml version="1.0" encoding="UTF-8"?>
<TestRun id="c44ea7dc-c725-4a34-a0ce-97a979286f4e" name="Wangsong@WANGSONG-PC 2013-05-17 12:05:44" runUser="Wangsong-PC\Wangsong" xmlns="http://microsoft.com/schemas/VisualStudio/TeamTest/2010">
  <TestSettings name="本地" id="2e80b17e-8ab5-4988-ab53-fd31bd810c6b">
    <Description>这些设置为本地测试运行的默认测试设置。</Description>
    <Deployment enabled="false" runDeploymentRoot="Wangsong_WANGSONG-PC 2013-05-17 12_05_44">
      <DeploymentItem filename="D:\File\DLL\log4net.dll" />
      <DeploymentItem filename="C:\Users\Wangsong\Documents\Visual Studio 2010\Projects\IFDatahouseService\Brilliantech.DatahouseService\bin\Debug\Brilliantech.DatahouseService.dll" />
      <DeploymentItem filename="C:\Users\Wangsong\Documents\Visual Studio 2010\Projects\IFDatahouseService\Brilliantech.DatahouseService.Testbench\bin\Debug\Brilliantech.DatahouseService.Testbench.exe" />
      <DeploymentItem filename="D:\File\DLL\Thrift.dll" />
      <DeploymentItem filename="D:\File\DLL\Brilliantech.Packaging.EpmIntegration.dll" />
      <DeploymentItem filename="D:\File\DLL\Nini.dll" />
    </Deployment>
    <Execution>
      <TestTypeSpecific />
      <AgentRule name="Execution Agents">
      </AgentRule>
    </Execution>
  </TestSettings>
  <Times creation="2013-05-17T12:05:44.2864000+08:00" queuing="2013-05-17T12:05:44.3254000+08:00" start="2013-05-17T12:05:44.3574000+08:00" finish="2013-05-17T12:05:44.6314000+08:00" />
  <ResultSummary outcome="Failed">
    <Counters total="1" executed="1" error="0" failed="1" timeout="0" aborted="0" inconclusive="0" passedButRunAborted="0" notRunnable="0" notExecuted="0" disconnected="0" warning="0" passed="0" completed="0" inProgress="0" pending="0" />
  </ResultSummary>
  <TestDefinitions>
    <UnitTest name="TestMovedFilePathTest" storage="c:\users\wangsong\documents\visual studio 2010\projects\ifdatahouseservice\test.datahouseservice\bin\debug\test.datahouseservice.dll" id="8929db3f-5e61-3c2c-7068-ecbddeb4aa72">
      <Execution id="22219cc2-2d05-44c6-8a46-0d3fb7b72b0f" />
      <TestMethod codeBase="C:/Users/Wangsong/Documents/Visual Studio 2010/Projects/IFDatahouseService/Test.DatahouseService/bin/Debug/Test.DatahouseService.DLL" adapterTypeName="Microsoft.VisualStudio.TestTools.TestTypes.Unit.UnitTestAdapter, Microsoft.VisualStudio.QualityTools.Tips.UnitTest.Adapter, Version=10.0.0.0, Culture=neutral, PublicKeyToken=b03f5f7f11d50a3a" className="Test.DatahouseService.ConfTest, Test.DatahouseService, Version=1.0.0.0, Culture=neutral, PublicKeyToken=null" name="TestMovedFilePathTest" />
    </UnitTest>
  </TestDefinitions>
  <TestLists>
    <TestList name="列表中未列出的结果" id="8c84fa94-04c1-424b-9868-57a2d4851a1d" />
    <TestList name="所有已加载的结果" id="19431567-8539-422a-85d7-44ee4e166bda" />
  </TestLists>
  <TestEntries>
    <TestEntry testId="8929db3f-5e61-3c2c-7068-ecbddeb4aa72" executionId="22219cc2-2d05-44c6-8a46-0d3fb7b72b0f" testListId="8c84fa94-04c1-424b-9868-57a2d4851a1d" />
  </TestEntries>
  <Results>
    <UnitTestResult executionId="22219cc2-2d05-44c6-8a46-0d3fb7b72b0f" testId="8929db3f-5e61-3c2c-7068-ecbddeb4aa72" testName="TestMovedFilePathTest" computerName="WANGSONG-PC" duration="00:00:00.0541584" startTime="2013-05-17T12:05:44.3624000+08:00" endTime="2013-05-17T12:05:44.6084000+08:00" testType="13cdc9d9-ddb5-4fa4-a97d-d965ccfc6d4b" outcome="Failed" testListId="8c84fa94-04c1-424b-9868-57a2d4851a1d" relativeResultsDirectory="22219cc2-2d05-44c6-8a46-0d3fb7b72b0f">
      <Output>
        <ErrorInfo>
          <Message>Assert.AreEqual 失败。应为: &lt;;&gt;，实际为: &lt;\&gt;。</Message>
          <StackTrace>   在 Test.DatahouseService.ConfTest.TestMovedFilePathTest() 位置 C:\Users\Wangsong\Documents\Visual Studio 2010\Projects\IFDatahouseService\Test.DatahouseService\ConfTest.cs:行号 88
</StackTrace>
        </ErrorInfo>
      </Output>
    </UnitTestResult>
  </Results>
</TestRun>